// Jest Snapshot v1, https://goo.gl/fbAQLP

exports[`Button Rendering should match to snapshot 1`] = `
"<TouchableOpacity onPress={[undefined]} style={{...}} activeOpacity={0.2}>
  <Text style={{...}}>
    test label
  </Text>
</TouchableOpacity>"
`;
