// Jest Snapshot v1, https://goo.gl/fbAQLP

exports[`Testing LoginEnterInfo component renders as expected 1`] = `
<View
  leftView={
    <TouchableOpacity
      activeOpacity={0.2}
      onPress={[Function]}
      style={
        Object {
          "paddingLeft": 10,
        }
      }
    >
      <Themed.Icon
        color="white"
        name="ios-arrow-back"
        size={25}
        type="ionicon"
      />
    </TouchableOpacity>
  }
  navBarHidden={false}
  onLayout={[Function]}
  style={
    Array [
      Object {
        "backgroundColor": "#f8f8f8",
        "flex": 1,
      },
      Object {
        "backgroundColor": "transparent",
        "borderBottomWidth": 0,
      },
    ]
  }
>
  <View
    style={
      Object {
        "flex": 1,
      }
    }
  >
    <View
      style={
        Array [
          Object {
            "flex": 1,
            "marginTop": 0,
            "paddingLeft": 0,
            "paddingRight": 0,
          },
        ]
      }
    >
      <View
        accessible={true}
        isTVSelectable={true}
        onResponderGrant={[Function]}
        onResponderMove={[Function]}
        onResponderRelease={[Function]}
        onResponderTerminate={[Function]}
        onResponderTerminationRequest={[Function]}
        onStartShouldSetResponder={[Function]}
        style={
          Object {
            "backgroundColor": "white",
            "flex": 1,
            "opacity": 1,
          }
        }
      >
        <View
          style={
            Object {
              "overflow": "hidden",
            }
          }
        >
          <View
            accessibilityIgnoresInvertColors={true}
            style={
              Object {
                "alignItems": "center",
                "height": 444,
                "justifyContent": "flex-end",
                "resizeMode": "contain",
                "width": 750,
              }
            }
          >
            <Image
              source="test-file-stub"
              style={
                Array [
                  Object {
                    "bottom": 0,
                    "left": 0,
                    "position": "absolute",
                    "right": 0,
                    "top": 0,
                  },
                  Object {
                    "height": 444,
                    "width": 750,
                  },
                  undefined,
                ]
              }
            />
            <View
              accessible={true}
              isTVSelectable={true}
              onResponderGrant={[Function]}
              onResponderMove={[Function]}
              onResponderRelease={[Function]}
              onResponderTerminate={[Function]}
              onResponderTerminationRequest={[Function]}
              onStartShouldSetResponder={[Function]}
              style={
                Object {
                  "alignItems": "center",
                  "flexDirection": "column",
                  "marginBottom": 20,
                  "opacity": 1,
                }
              }
            >
              <View
                style={
                  Object {
                    "backgroundColor": "transparent",
                    "borderRadius": 35.5,
                    "height": 71,
                    "width": 71,
                  }
                }
                theme={
                  Object {
                    "colors": Object {
                      "disabled": "hsl(208, 8%, 90%)",
                      "divider": "#bcbbc1",
                      "error": "#ff190c",
                      "grey0": "#393e42",
                      "grey1": "#43484d",
                      "grey2": "#5e6977",
                      "grey3": "#86939e",
                      "grey4": "#bdc6cf",
                      "grey5": "#e1e8ee",
                      "greyOutline": "#bbb",
                      "platform": Object {
                        "android": Object {
                          "error": "#f44336",
                          "primary": "#2196f3",
                          "secondary": "#9C27B0",
                          "success": "#4caf50",
                          "warning": "#ffeb3b",
                        },
                        "ios": Object {
                          "error": "#ff3b30",
                          "primary": "#007aff",
                          "secondary": "#5856d6",
                          "success": "#4cd964",
                          "warning": "#ffcc00",
                        },
                      },
                      "primary": "#2089dc",
                      "searchBg": "#303337",
                      "secondary": "#8F0CE8",
                      "success": "#52c41a",
                      "warning": "#faad14",
                    },
                  }
                }
              >
                <View
                  style={
                    Object {
                      "backgroundColor": "#bdbdbd",
                      "borderRadius": 35.5,
                      "flex": 1,
                      "overflow": "hidden",
                      "position": "relative",
                    }
                  }
                >
                  <Image
                    onLoadEnd={[Function]}
                    source="test-file-stub"
                    style={
                      Object {
                        "flex": 1,
                        "height": null,
                        "width": null,
                      }
                    }
                    theme={
                      Object {
                        "colors": Object {
                          "disabled": "hsl(208, 8%, 90%)",
                          "divider": "#bcbbc1",
                          "error": "#ff190c",
                          "grey0": "#393e42",
                          "grey1": "#43484d",
                          "grey2": "#5e6977",
                          "grey3": "#86939e",
                          "grey4": "#bdc6cf",
                          "grey5": "#e1e8ee",
                          "greyOutline": "#bbb",
                          "platform": Object {
                            "android": Object {
                              "error": "#f44336",
                              "primary": "#2196f3",
                              "secondary": "#9C27B0",
                              "success": "#4caf50",
                              "warning": "#ffeb3b",
                            },
                            "ios": Object {
                              "error": "#ff3b30",
                              "primary": "#007aff",
                              "secondary": "#5856d6",
                              "success": "#4cd964",
                              "warning": "#ffcc00",
                            },
                          },
                          "primary": "#2089dc",
                          "searchBg": "#303337",
                          "secondary": "#8F0CE8",
                          "success": "#52c41a",
                          "warning": "#faad14",
                        },
                      }
                    }
                  />
                  <View
                    style={
                      Object {
                        "bottom": 0,
                        "left": 0,
                        "opacity": 1,
                        "position": "absolute",
                        "right": 0,
                        "top": 0,
                      }
                    }
                  >
                    <View
                      style={
                        Object {
                          "alignItems": "center",
                          "backgroundColor": "#bdbdbd",
                          "flex": 1,
                          "height": null,
                          "justifyContent": "center",
                          "width": null,
                        }
                      }
                      testID="RNE__Image__placeholder"
                    />
                  </View>
                </View>
              </View>
              <Text
                style={
                  Object {
                    "color": "white",
                    "fontSize": 14,
                    "marginTop": 10,
                  }
                }
              >
                修改头像
              </Text>
            </View>
          </View>
          <View
            style={
              Object {
                "marginHorizontal": 40,
                "marginTop": 80,
              }
            }
          >
            <View
              style={
                Object {
                  "alignItems": "center",
                  "flexDirection": "row",
                  "justifyContent": "flex-end",
                }
              }
            >
              <Image
                source="test-file-stub"
              />
              <TextInput
                allowFontScaling={true}
                autoCorrect={false}
                maxLength={11}
                onChangeText={[Function]}
                placeholder="请输入你的昵称"
                placeholderTextColor="#E5E5E5"
                rejectResponderTermination={true}
                style={
                  Array [
                    Object {
                      "backgroundColor": "transparent",
                      "borderBottomWidth": 0.5,
                      "borderColor": "#CCC",
                      "color": "#454545",
                      "fontSize": 16,
                      "height": 44,
                      "marginLeft": 8,
                      "paddingLeft": 8,
                    },
                    Object {
                      "flex": 1,
                    },
                  ]
                }
                underlineColorAndroid="transparent"
                value=""
              />
            </View>
            <View
              style={
                Object {
                  "alignItems": "center",
                  "flexDirection": "row",
                  "justifyContent": "flex-end",
                  "marginTop": 40,
                }
              }
            >
              <Image
                source="test-file-stub"
              />
              <TextInput
                allowFontScaling={true}
                autoCorrect={false}
                editable={false}
                maxLength={11}
                placeholder="请选择你的生日"
                placeholderTextColor="#E5E5E5"
                rejectResponderTermination={true}
                style={
                  Array [
                    Object {
                      "backgroundColor": "transparent",
                      "borderBottomWidth": 0.5,
                      "borderColor": "#CCC",
                      "color": "#454545",
                      "fontSize": 16,
                      "height": 44,
                      "marginLeft": 8,
                      "paddingLeft": 8,
                    },
                    Object {
                      "flex": 1,
                    },
                  ]
                }
                underlineColorAndroid="transparent"
                value=""
              />
              <View
                accessible={true}
                isTVSelectable={true}
                onResponderGrant={[Function]}
                onResponderMove={[Function]}
                onResponderRelease={[Function]}
                onResponderTerminate={[Function]}
                onResponderTerminationRequest={[Function]}
                onStartShouldSetResponder={[Function]}
                style={
                  Object {
                    "height": "100%",
                    "opacity": 1,
                    "position": "absolute",
                    "width": "100%",
                  }
                }
              />
            </View>
            <View
              style={
                Object {
                  "alignItems": "center",
                  "flexDirection": "row",
                  "justifyContent": "center",
                  "marginTop": 30,
                }
              }
            >
              <View
                accessible={true}
                isTVSelectable={true}
                onResponderGrant={[Function]}
                onResponderMove={[Function]}
                onResponderRelease={[Function]}
                onResponderTerminate={[Function]}
                onResponderTerminationRequest={[Function]}
                onStartShouldSetResponder={[Function]}
                style={
                  Object {
                    "alignItems": "center",
                    "flexDirection": "row",
                    "opacity": 1,
                  }
                }
              >
                <View>
                  <View
                    style={
                      Object {
                        "alignItems": "center",
                        "backgroundColor": "transparent",
                        "justifyContent": "center",
                      }
                    }
                    theme={
                      Object {
                        "colors": Object {
                          "disabled": "hsl(208, 8%, 90%)",
                          "divider": "#bcbbc1",
                          "error": "#ff190c",
                          "grey0": "#393e42",
                          "grey1": "#43484d",
                          "grey2": "#5e6977",
                          "grey3": "#86939e",
                          "grey4": "#bdc6cf",
                          "grey5": "#e1e8ee",
                          "greyOutline": "#bbb",
                          "platform": Object {
                            "android": Object {
                              "error": "#f44336",
                              "primary": "#2196f3",
                              "secondary": "#9C27B0",
                              "success": "#4caf50",
                              "warning": "#ffeb3b",
                            },
                            "ios": Object {
                              "error": "#ff3b30",
                              "primary": "#007aff",
                              "secondary": "#5856d6",
                              "success": "#4cd964",
                              "warning": "#ffcc00",
                            },
                          },
                          "primary": "#2089dc",
                          "searchBg": "#303337",
                          "secondary": "#8F0CE8",
                          "success": "#52c41a",
                          "warning": "#faad14",
                        },
                      }
                    }
                    underlayColor="white"
                  >
                    <Text
                      allowFontScaling={false}
                      style={
                        Array [
                          Object {
                            "color": "#FE7733",
                            "fontSize": 25,
                          },
                          Object {
                            "backgroundColor": "transparent",
                          },
                          Object {
                            "fontFamily": "Ionicons",
                            "fontStyle": "normal",
                            "fontWeight": "normal",
                          },
                          Object {},
                        ]
                      }
                      testID="iconIcon"
                    >
                      
                    </Text>
                  </View>
                </View>
                <Text
                  style={
                    Object {
                      "color": "#454545",
                      "fontSize": 16,
                      "marginLeft": 15,
                    }
                  }
                >
                  男性
                </Text>
              </View>
              <View
                accessible={true}
                isTVSelectable={true}
                onResponderGrant={[Function]}
                onResponderMove={[Function]}
                onResponderRelease={[Function]}
                onResponderTerminate={[Function]}
                onResponderTerminationRequest={[Function]}
                onStartShouldSetResponder={[Function]}
                style={
                  Object {
                    "alignItems": "center",
                    "flexDirection": "row",
                    "marginLeft": 60,
                    "opacity": 1,
                  }
                }
              >
                <View>
                  <View
                    style={
                      Object {
                        "alignItems": "center",
                        "backgroundColor": "transparent",
                        "justifyContent": "center",
                      }
                    }
                    theme={
                      Object {
                        "colors": Object {
                          "disabled": "hsl(208, 8%, 90%)",
                          "divider": "#bcbbc1",
                          "error": "#ff190c",
                          "grey0": "#393e42",
                          "grey1": "#43484d",
                          "grey2": "#5e6977",
                          "grey3": "#86939e",
                          "grey4": "#bdc6cf",
                          "grey5": "#e1e8ee",
                          "greyOutline": "#bbb",
                          "platform": Object {
                            "android": Object {
                              "error": "#f44336",
                              "primary": "#2196f3",
                              "secondary": "#9C27B0",
                              "success": "#4caf50",
                              "warning": "#ffeb3b",
                            },
                            "ios": Object {
                              "error": "#ff3b30",
                              "primary": "#007aff",
                              "secondary": "#5856d6",
                              "success": "#4cd964",
                              "warning": "#ffcc00",
                            },
                          },
                          "primary": "#2089dc",
                          "searchBg": "#303337",
                          "secondary": "#8F0CE8",
                          "success": "#52c41a",
                          "warning": "#faad14",
                        },
                      }
                    }
                    underlayColor="white"
                  >
                    <Text
                      allowFontScaling={false}
                      style={
                        Array [
                          Object {
                            "color": "#FE7733",
                            "fontSize": 25,
                          },
                          Object {
                            "backgroundColor": "transparent",
                          },
                          Object {
                            "fontFamily": "Ionicons",
                            "fontStyle": "normal",
                            "fontWeight": "normal",
                          },
                          Object {},
                        ]
                      }
                      testID="iconIcon"
                    >
                      
                    </Text>
                  </View>
                </View>
                <Text
                  style={
                    Object {
                      "color": "#454545",
                      "fontSize": 16,
                      "marginLeft": 15,
                    }
                  }
                >
                  女性
                </Text>
              </View>
            </View>
            <View
              accessible={true}
              isTVSelectable={true}
              onResponderGrant={[Function]}
              onResponderMove={[Function]}
              onResponderRelease={[Function]}
              onResponderTerminate={[Function]}
              onResponderTerminationRequest={[Function]}
              onStartShouldSetResponder={[Function]}
              style={
                Object {
                  "backgroundColor": "#BBB",
                  "borderColor": "#BBB",
                  "borderRadius": 24,
                  "borderWidth": 1,
                  "height": 48,
                  "marginTop": 80,
                  "opacity": 1,
                }
              }
            >
              <Text
                style={
                  Object {
                    "color": "#fff",
                    "fontSize": 20,
                    "marginTop": 12,
                    "textAlign": "center",
                  }
                }
              >
                下一步
              </Text>
            </View>
          </View>
        </View>
      </View>
    </View>
    <View
      onLayout={[Function]}
      style={
        Object {
          "alignItems": "center",
          "backgroundColor": "transparent",
          "borderBottomColor": "#337ab7",
          "borderBottomWidth": 0,
          "flexDirection": "row",
          "height": 64,
          "justifyContent": "space-between",
          "left": 0,
          "paddingLeft": 4,
          "paddingRight": 4,
          "paddingTop": 20,
          "position": "absolute",
          "right": 0,
          "top": 0,
        }
      }
    >
      <View
        style={
          Object {
            "backgroundColor": "rgba(0, 0, 0, 0)",
            "bottom": 0,
            "left": 0,
            "opacity": 1,
            "position": "absolute",
            "right": 0,
            "top": 0,
          }
        }
      />
      <View
        style={
          Object {
            "alignItems": "center",
            "backgroundColor": "rgba(0, 0, 0, 0)",
            "flexDirection": "row",
            "height": 44,
            "justifyContent": "center",
            "left": 0,
            "opacity": 1,
            "paddingLeft": 4,
            "paddingRight": 4,
            "position": "absolute",
            "right": 0,
            "top": 20,
          }
        }
      />
      <View
        onLayout={[Function]}
        style={
          Object {
            "opacity": 1,
          }
        }
      >
        <View
          accessible={true}
          isTVSelectable={true}
          onResponderGrant={[Function]}
          onResponderMove={[Function]}
          onResponderRelease={[Function]}
          onResponderTerminate={[Function]}
          onResponderTerminationRequest={[Function]}
          onStartShouldSetResponder={[Function]}
          style={
            Object {
              "opacity": 1,
              "paddingLeft": 10,
            }
          }
        >
          <View>
            <View
              style={
                Object {
                  "alignItems": "center",
                  "backgroundColor": "transparent",
                  "justifyContent": "center",
                }
              }
              theme={
                Object {
                  "colors": Object {
                    "disabled": "hsl(208, 8%, 90%)",
                    "divider": "#bcbbc1",
                    "error": "#ff190c",
                    "grey0": "#393e42",
                    "grey1": "#43484d",
                    "grey2": "#5e6977",
                    "grey3": "#86939e",
                    "grey4": "#bdc6cf",
                    "grey5": "#e1e8ee",
                    "greyOutline": "#bbb",
                    "platform": Object {
                      "android": Object {
                        "error": "#f44336",
                        "primary": "#2196f3",
                        "secondary": "#9C27B0",
                        "success": "#4caf50",
                        "warning": "#ffeb3b",
                      },
                      "ios": Object {
                        "error": "#ff3b30",
                        "primary": "#007aff",
                        "secondary": "#5856d6",
                        "success": "#4cd964",
                        "warning": "#ffcc00",
                      },
                    },
                    "primary": "#2089dc",
                    "searchBg": "#303337",
                    "secondary": "#8F0CE8",
                    "success": "#52c41a",
                    "warning": "#faad14",
                  },
                }
              }
              underlayColor="white"
            >
              <Text
                allowFontScaling={false}
                style={
                  Array [
                    Object {
                      "color": "white",
                      "fontSize": 25,
                    },
                    Object {
                      "backgroundColor": "transparent",
                    },
                    Object {
                      "fontFamily": "Ionicons",
                      "fontStyle": "normal",
                      "fontWeight": "normal",
                    },
                    Object {},
                  ]
                }
                testID="iconIcon"
              >
                
              </Text>
            </View>
          </View>
        </View>
      </View>
      <View
        onLayout={[Function]}
        style={
          Object {
            "opacity": 1,
          }
        }
      />
    </View>
  </View>
  <View
    style={
      Array [
        Object {
          "backgroundColor": "rgba(0, 0, 0, 0)",
          "bottom": 0,
          "left": 0,
          "right": 0,
        },
        Object {
          "height": 0,
        },
      ]
    }
  />
</View>
`;
